V3 15
FL /home/nico/Documents/VUT/Digital-electronics-1/Labs/06-display_driver/display_driver/clock_enable.vhd 2020/03/19.20:33:11 P.20131013
EN work/clock_enable 1584650233 \
      FL /home/nico/Documents/VUT/Digital-electronics-1/Labs/06-display_driver/display_driver/clock_enable.vhd \
      PB ieee/std_logic_1164 1381692176 PB ieee/STD_LOGIC_UNSIGNED 1381692179
AR work/clock_enable/Behavioral 1584650234 \
      FL /home/nico/Documents/VUT/Digital-electronics-1/Labs/06-display_driver/display_driver/clock_enable.vhd \
      EN work/clock_enable 1584650233
FL /home/nico/Documents/VUT/Digital-electronics-1/Labs/06-display_driver/display_driver/driver_7seg.vhd 2020/03/19.21:24:19 P.20131013
EN work/driver_7seg 1584650237 \
      FL /home/nico/Documents/VUT/Digital-electronics-1/Labs/06-display_driver/display_driver/driver_7seg.vhd \
      PB ieee/std_logic_1164 1381692176 PB ieee/STD_LOGIC_UNSIGNED 1381692179
AR work/driver_7seg/Behavioral 1584650238 \
      FL /home/nico/Documents/VUT/Digital-electronics-1/Labs/06-display_driver/display_driver/driver_7seg.vhd \
      EN work/driver_7seg 1584650237 CP work/clock_enable CP work/hex_to_7seg
FL /home/nico/Documents/VUT/Digital-electronics-1/Labs/06-display_driver/display_driver/hex_to_7seg.vhd 2020/03/19.20:33:11 P.20131013
EN work/hex_to_7seg 1584650235 \
      FL /home/nico/Documents/VUT/Digital-electronics-1/Labs/06-display_driver/display_driver/hex_to_7seg.vhd \
      PB ieee/std_logic_1164 1381692176
AR work/hex_to_7seg/Behavioral 1584650236 \
      FL /home/nico/Documents/VUT/Digital-electronics-1/Labs/06-display_driver/display_driver/hex_to_7seg.vhd \
      EN work/hex_to_7seg 1584650235
FL /home/nico/Documents/VUT/Digital-electronics-1/Labs/06-display_driver/display_driver/top.vhd 2020/03/19.21:33:34 P.20131013
EN work/top 0 \
      FL /home/nico/Documents/VUT/Digital-electronics-1/Labs/06-display_driver/display_driver/top.vhd \
      PB ieee/std_logic_1164 1381692176
AR work/top/Behavioral 0 \
      FL /home/nico/Documents/VUT/Digital-electronics-1/Labs/06-display_driver/display_driver/top.vhd \
      EN work/top 0 CP work/driver_7seg
